### engine: L_trunc=6 dim=5461 nnz=36409 (word_pairs 0.6s) loops=8 all_edges=True rp_cut=3 n_steps=2000 lr=0.005 weights={'loop_eq': 1.0, 'cyc': 10.0, 'rp': 1.0, 'sym': 1.0}
### rp_paths: n=40 (length_cutoff=3)
### MF-REACH6: L_trunc=6 dim=5461 seed=0 lams=(8.0, 5.0, 3.0, 2.0)
  --- MF-REACH6: lam=8.0 ---
  step-0 wall = 207.98s
  step      0  L = 1.990221e+02
  step    333  L = 2.778898e-02
  step    666  L = 2.898512e-03
  step    999  L = 1.347284e-03
  step   1332  L = 9.730445e-04
  step   1665  L = 8.596530e-04
  step   1998  L = 8.375859e-04
  step   1999  L = 8.375667e-04

======================================================================
MF-REACH6[0]: lam=8.0 w+=0.06250 Wplaq=0.05599 loss=8.38e-04
======================================================================
  plaq  A= 1 model=   0.05599 exact=    0.06250 err=   10.41%
  2x1   A= 2 model=   0.00418 exact=    0.00391 err=    6.97%
  1x2   A= 2 model=   0.00065 exact=    0.00391 err=   83.25%
  3x1   A= 3 model=   0.00103 exact=    0.00024 err=  322.77%
  2x2   A= 4 model=  -0.00027 exact=    0.00002 err= 1898.09%
  3x2   A= 6 model=  -0.00003 exact=    0.00000 err=47624.75%
  3x3   A= 9 model=  -0.00035 exact=    0.00000 err=2395031705.78%
  --- MF-REACH6: lam=5.0 ---
  step-0 wall = 19.09s
  step      0  L = 1.958133e-02
  step    333  L = 1.157948e-03
  step    666  L = 9.380779e-04
  step    999  L = 8.272231e-04
  step   1332  L = 5.212458e-04
  step   1665  L = 3.665361e-04
  step   1998  L = 3.360768e-04
  step   1999  L = 3.360505e-04

======================================================================
MF-REACH6[1]: lam=5.0 w+=0.10000 Wplaq=0.09453 loss=3.36e-04
======================================================================
  plaq  A= 1 model=   0.09453 exact=    0.10000 err=    5.47%
  2x1   A= 2 model=   0.00993 exact=    0.01000 err=    0.67%
  1x2   A= 2 model=   0.00468 exact=    0.01000 err=   53.23%
  3x1   A= 3 model=   0.00184 exact=    0.00100 err=   84.44%
  2x2   A= 4 model=  -0.00120 exact=    0.00010 err= 1304.55%
  3x2   A= 6 model=   0.00058 exact=    0.00000 err=57809.26%
  3x3   A= 9 model=  -0.01264 exact=    0.00000 err=1263673409.07%
  --- MF-REACH6: lam=3.0 ---
  step-0 wall = 18.91s
  step      0  L = 6.535981e-02
  step    333  L = 8.854576e-04
  step    666  L = 3.577864e-04
  step    999  L = 6.795673e-05
  step   1332  L = 2.560960e-05
  step   1665  L = 1.679924e-05
  step   1998  L = 1.523192e-05
  step   1999  L = 1.523058e-05

======================================================================
MF-REACH6[2]: lam=3.0 w+=0.16667 Wplaq=0.16481 loss=1.52e-05
======================================================================
  plaq  A= 1 model=   0.16481 exact=    0.16667 err=    1.11%
  2x1   A= 2 model=   0.02160 exact=    0.02778 err=   22.25%
  1x2   A= 2 model=   0.01955 exact=    0.02778 err=   29.61%
  3x1   A= 3 model=   0.00432 exact=    0.00463 err=    6.73%
  2x2   A= 4 model=  -0.00261 exact=    0.00077 err=  437.64%
  3x2   A= 6 model=   0.00093 exact=    0.00002 err= 4241.19%
  3x3   A= 9 model=  -0.02914 exact=    0.00000 err=29364397.02%
  --- MF-REACH6: lam=2.0 ---
  step-0 wall = 19.38s
  step      0  L = 1.141846e-01
  step    333  L = 1.332030e-04
  step    666  L = 1.982030e-04
  step    999  L = 5.326858e-06
